# Logfile created on 2025-08-17 21:45:52 +0200 by logger.rb/66358
[2025-08-17 21:45:52] ERROR: Failed to initialize STORM modules: undefined method `[]' for nil:NilClass
[2025-08-17 21:45:52] ERROR: config.ru:49:in `block in <main>'
/Users/dalm1-tt/Downloads/hermes-frontend-old/STORM/vendor/bundle/ruby/2.6.0/gems/rack-2.2.17/lib/rack/builder.rb:116:in `eval'
/Users/dalm1-tt/Downloads/hermes-frontend-old/STORM/vendor/bundle/ruby/2.6.0/gems/rack-2.2.17/lib/rack/builder.rb:116:in `new_from_string'
/Users/dalm1-tt/Downloads/hermes-frontend-old/STORM/vendor/bundle/ruby/2.6.0/gems/rack-2.2.17/lib/rack/builder.rb:105:in `load_file'
/Users/dalm1-tt/Downloads/hermes-frontend-old/STORM/vendor/bundle/ruby/2.6.0/gems/rack-2.2.17/lib/rack/builder.rb:66:in `parse_file'
/Users/dalm1-tt/Downloads/hermes-frontend-old/STORM/vendor/bundle/ruby/2.6.0/gems/puma-5.6.9/lib/puma/configuration.rb:348:in `load_rackup'
/Users/dalm1-tt/Downloads/hermes-frontend-old/STORM/vendor/bundle/ruby/2.6.0/gems/puma-5.6.9/lib/puma/configuration.rb:270:in `app'
/Users/dalm1-tt/Downloads/hermes-frontend-old/STORM/vendor/bundle/ruby/2.6.0/gems/puma-5.6.9/lib/puma/runner.rb:150:in `load_and_bind'
/Users/dalm1-tt/Downloads/hermes-frontend-old/STORM/vendor/bundle/ruby/2.6.0/gems/puma-5.6.9/lib/puma/cluster.rb:357:in `run'
/Users/dalm1-tt/Downloads/hermes-frontend-old/STORM/vendor/bundle/ruby/2.6.0/gems/puma-5.6.9/lib/puma/launcher.rb:193:in `run'
/Users/dalm1-tt/Downloads/hermes-frontend-old/STORM/vendor/bundle/ruby/2.6.0/gems/puma-5.6.9/lib/puma/cli.rb:81:in `run'
/Users/dalm1-tt/Downloads/hermes-frontend-old/STORM/vendor/bundle/ruby/2.6.0/gems/puma-5.6.9/bin/puma:10:in `<top (required)>'
/Users/dalm1-tt/Downloads/hermes-frontend-old/STORM/vendor/bundle/ruby/2.6.0/bin/puma:23:in `load'
/Users/dalm1-tt/Downloads/hermes-frontend-old/STORM/vendor/bundle/ruby/2.6.0/bin/puma:23:in `<top (required)>'
/System/Library/Frameworks/Ruby.framework/Versions/2.6/usr/lib/ruby/2.6.0/bundler/cli/exec.rb:74:in `load'
/System/Library/Frameworks/Ruby.framework/Versions/2.6/usr/lib/ruby/2.6.0/bundler/cli/exec.rb:74:in `kernel_load'
/System/Library/Frameworks/Ruby.framework/Versions/2.6/usr/lib/ruby/2.6.0/bundler/cli/exec.rb:28:in `run'
/System/Library/Frameworks/Ruby.framework/Versions/2.6/usr/lib/ruby/2.6.0/bundler/cli.rb:463:in `exec'
/System/Library/Frameworks/Ruby.framework/Versions/2.6/usr/lib/ruby/2.6.0/bundler/vendor/thor/lib/thor/command.rb:27:in `run'
/System/Library/Frameworks/Ruby.framework/Versions/2.6/usr/lib/ruby/2.6.0/bundler/vendor/thor/lib/thor/invocation.rb:126:in `invoke_command'
/System/Library/Frameworks/Ruby.framework/Versions/2.6/usr/lib/ruby/2.6.0/bundler/vendor/thor/lib/thor.rb:387:in `dispatch'
/System/Library/Frameworks/Ruby.framework/Versions/2.6/usr/lib/ruby/2.6.0/bundler/cli.rb:27:in `dispatch'
/System/Library/Frameworks/Ruby.framework/Versions/2.6/usr/lib/ruby/2.6.0/bundler/vendor/thor/lib/thor/base.rb:466:in `start'
/System/Library/Frameworks/Ruby.framework/Versions/2.6/usr/lib/ruby/2.6.0/bundler/cli.rb:18:in `start'
/Library/Ruby/Gems/2.6.0/gems/bundler-1.17.2/exe/bundle:30:in `block in <top (required)>'
/System/Library/Frameworks/Ruby.framework/Versions/2.6/usr/lib/ruby/2.6.0/bundler/friendly_errors.rb:124:in `with_friendly_errors'
/Library/Ruby/Gems/2.6.0/gems/bundler-1.17.2/exe/bundle:22:in `<top (required)>'
/usr/bin/bundle:23:in `load'
/usr/bin/bundle:23:in `<main>'
[2025-08-17 22:04:42] ERROR: Failed to initialize STORM modules: undefined method `[]' for nil:NilClass
[2025-08-17 22:04:42] ERROR: config.ru:49:in `block in <main>'
/Users/dalm1-tt/Downloads/hermes-frontend-old/STORM/vendor/bundle/ruby/2.6.0/gems/rack-2.2.17/lib/rack/builder.rb:116:in `eval'
/Users/dalm1-tt/Downloads/hermes-frontend-old/STORM/vendor/bundle/ruby/2.6.0/gems/rack-2.2.17/lib/rack/builder.rb:116:in `new_from_string'
/Users/dalm1-tt/Downloads/hermes-frontend-old/STORM/vendor/bundle/ruby/2.6.0/gems/rack-2.2.17/lib/rack/builder.rb:105:in `load_file'
/Users/dalm1-tt/Downloads/hermes-frontend-old/STORM/vendor/bundle/ruby/2.6.0/gems/rack-2.2.17/lib/rack/builder.rb:66:in `parse_file'
/Users/dalm1-tt/Downloads/hermes-frontend-old/STORM/vendor/bundle/ruby/2.6.0/gems/puma-5.6.9/lib/puma/configuration.rb:348:in `load_rackup'
/Users/dalm1-tt/Downloads/hermes-frontend-old/STORM/vendor/bundle/ruby/2.6.0/gems/puma-5.6.9/lib/puma/configuration.rb:270:in `app'
/Users/dalm1-tt/Downloads/hermes-frontend-old/STORM/vendor/bundle/ruby/2.6.0/gems/puma-5.6.9/lib/puma/runner.rb:150:in `load_and_bind'
/Users/dalm1-tt/Downloads/hermes-frontend-old/STORM/vendor/bundle/ruby/2.6.0/gems/puma-5.6.9/lib/puma/cluster.rb:357:in `run'
/Users/dalm1-tt/Downloads/hermes-frontend-old/STORM/vendor/bundle/ruby/2.6.0/gems/puma-5.6.9/lib/puma/launcher.rb:193:in `run'
/Users/dalm1-tt/Downloads/hermes-frontend-old/STORM/vendor/bundle/ruby/2.6.0/gems/puma-5.6.9/lib/puma/cli.rb:81:in `run'
/Users/dalm1-tt/Downloads/hermes-frontend-old/STORM/vendor/bundle/ruby/2.6.0/gems/puma-5.6.9/bin/puma:10:in `<top (required)>'
/Users/dalm1-tt/Downloads/hermes-frontend-old/STORM/vendor/bundle/ruby/2.6.0/bin/puma:23:in `load'
/Users/dalm1-tt/Downloads/hermes-frontend-old/STORM/vendor/bundle/ruby/2.6.0/bin/puma:23:in `<top (required)>'
/System/Library/Frameworks/Ruby.framework/Versions/2.6/usr/lib/ruby/2.6.0/bundler/cli/exec.rb:74:in `load'
/System/Library/Frameworks/Ruby.framework/Versions/2.6/usr/lib/ruby/2.6.0/bundler/cli/exec.rb:74:in `kernel_load'
/System/Library/Frameworks/Ruby.framework/Versions/2.6/usr/lib/ruby/2.6.0/bundler/cli/exec.rb:28:in `run'
/System/Library/Frameworks/Ruby.framework/Versions/2.6/usr/lib/ruby/2.6.0/bundler/cli.rb:463:in `exec'
/System/Library/Frameworks/Ruby.framework/Versions/2.6/usr/lib/ruby/2.6.0/bundler/vendor/thor/lib/thor/command.rb:27:in `run'
/System/Library/Frameworks/Ruby.framework/Versions/2.6/usr/lib/ruby/2.6.0/bundler/vendor/thor/lib/thor/invocation.rb:126:in `invoke_command'
/System/Library/Frameworks/Ruby.framework/Versions/2.6/usr/lib/ruby/2.6.0/bundler/vendor/thor/lib/thor.rb:387:in `dispatch'
/System/Library/Frameworks/Ruby.framework/Versions/2.6/usr/lib/ruby/2.6.0/bundler/cli.rb:27:in `dispatch'
/System/Library/Frameworks/Ruby.framework/Versions/2.6/usr/lib/ruby/2.6.0/bundler/vendor/thor/lib/thor/base.rb:466:in `start'
/System/Library/Frameworks/Ruby.framework/Versions/2.6/usr/lib/ruby/2.6.0/bundler/cli.rb:18:in `start'
/Library/Ruby/Gems/2.6.0/gems/bundler-1.17.2/exe/bundle:30:in `block in <top (required)>'
/System/Library/Frameworks/Ruby.framework/Versions/2.6/usr/lib/ruby/2.6.0/bundler/friendly_errors.rb:124:in `with_friendly_errors'
/Library/Ruby/Gems/2.6.0/gems/bundler-1.17.2/exe/bundle:22:in `<top (required)>'
/usr/bin/bundle:23:in `load'
/usr/bin/bundle:23:in `<main>'
[2025-08-17 22:05:51] ERROR: Failed to initialize STORM modules: undefined method `[]' for nil:NilClass
[2025-08-17 22:05:51] ERROR: config.ru:49:in `block in <main>'
/Users/dalm1-tt/Downloads/hermes-frontend-old/STORM/vendor/bundle/ruby/2.6.0/gems/rack-2.2.17/lib/rack/builder.rb:116:in `eval'
/Users/dalm1-tt/Downloads/hermes-frontend-old/STORM/vendor/bundle/ruby/2.6.0/gems/rack-2.2.17/lib/rack/builder.rb:116:in `new_from_string'
/Users/dalm1-tt/Downloads/hermes-frontend-old/STORM/vendor/bundle/ruby/2.6.0/gems/rack-2.2.17/lib/rack/builder.rb:105:in `load_file'
/Users/dalm1-tt/Downloads/hermes-frontend-old/STORM/vendor/bundle/ruby/2.6.0/gems/rack-2.2.17/lib/rack/builder.rb:66:in `parse_file'
/Users/dalm1-tt/Downloads/hermes-frontend-old/STORM/vendor/bundle/ruby/2.6.0/gems/puma-5.6.9/lib/puma/configuration.rb:348:in `load_rackup'
/Users/dalm1-tt/Downloads/hermes-frontend-old/STORM/vendor/bundle/ruby/2.6.0/gems/puma-5.6.9/lib/puma/configuration.rb:270:in `app'
/Users/dalm1-tt/Downloads/hermes-frontend-old/STORM/vendor/bundle/ruby/2.6.0/gems/puma-5.6.9/lib/puma/runner.rb:150:in `load_and_bind'
/Users/dalm1-tt/Downloads/hermes-frontend-old/STORM/vendor/bundle/ruby/2.6.0/gems/puma-5.6.9/lib/puma/cluster.rb:357:in `run'
/Users/dalm1-tt/Downloads/hermes-frontend-old/STORM/vendor/bundle/ruby/2.6.0/gems/puma-5.6.9/lib/puma/launcher.rb:193:in `run'
/Users/dalm1-tt/Downloads/hermes-frontend-old/STORM/vendor/bundle/ruby/2.6.0/gems/puma-5.6.9/lib/puma/cli.rb:81:in `run'
/Users/dalm1-tt/Downloads/hermes-frontend-old/STORM/vendor/bundle/ruby/2.6.0/gems/puma-5.6.9/bin/puma:10:in `<top (required)>'
/Users/dalm1-tt/Downloads/hermes-frontend-old/STORM/vendor/bundle/ruby/2.6.0/bin/puma:23:in `load'
/Users/dalm1-tt/Downloads/hermes-frontend-old/STORM/vendor/bundle/ruby/2.6.0/bin/puma:23:in `<top (required)>'
/System/Library/Frameworks/Ruby.framework/Versions/2.6/usr/lib/ruby/2.6.0/bundler/cli/exec.rb:74:in `load'
/System/Library/Frameworks/Ruby.framework/Versions/2.6/usr/lib/ruby/2.6.0/bundler/cli/exec.rb:74:in `kernel_load'
/System/Library/Frameworks/Ruby.framework/Versions/2.6/usr/lib/ruby/2.6.0/bundler/cli/exec.rb:28:in `run'
/System/Library/Frameworks/Ruby.framework/Versions/2.6/usr/lib/ruby/2.6.0/bundler/cli.rb:463:in `exec'
/System/Library/Frameworks/Ruby.framework/Versions/2.6/usr/lib/ruby/2.6.0/bundler/vendor/thor/lib/thor/command.rb:27:in `run'
/System/Library/Frameworks/Ruby.framework/Versions/2.6/usr/lib/ruby/2.6.0/bundler/vendor/thor/lib/thor/invocation.rb:126:in `invoke_command'
/System/Library/Frameworks/Ruby.framework/Versions/2.6/usr/lib/ruby/2.6.0/bundler/vendor/thor/lib/thor.rb:387:in `dispatch'
/System/Library/Frameworks/Ruby.framework/Versions/2.6/usr/lib/ruby/2.6.0/bundler/cli.rb:27:in `dispatch'
/System/Library/Frameworks/Ruby.framework/Versions/2.6/usr/lib/ruby/2.6.0/bundler/vendor/thor/lib/thor/base.rb:466:in `start'
/System/Library/Frameworks/Ruby.framework/Versions/2.6/usr/lib/ruby/2.6.0/bundler/cli.rb:18:in `start'
/Library/Ruby/Gems/2.6.0/gems/bundler-1.17.2/exe/bundle:30:in `block in <top (required)>'
/System/Library/Frameworks/Ruby.framework/Versions/2.6/usr/lib/ruby/2.6.0/bundler/friendly_errors.rb:124:in `with_friendly_errors'
/Library/Ruby/Gems/2.6.0/gems/bundler-1.17.2/exe/bundle:22:in `<top (required)>'
/usr/bin/bundle:23:in `load'
/usr/bin/bundle:23:in `<main>'
[2025-08-17 22:10:29] ERROR: Failed to initialize STORM modules: undefined method `[]' for nil:NilClass
[2025-08-17 22:10:29] ERROR: config.ru:49:in `block in <main>'
/Users/dalm1-tt/Downloads/hermes-frontend-old/STORM/vendor/bundle/ruby/2.6.0/gems/rack-2.2.17/lib/rack/builder.rb:116:in `eval'
/Users/dalm1-tt/Downloads/hermes-frontend-old/STORM/vendor/bundle/ruby/2.6.0/gems/rack-2.2.17/lib/rack/builder.rb:116:in `new_from_string'
/Users/dalm1-tt/Downloads/hermes-frontend-old/STORM/vendor/bundle/ruby/2.6.0/gems/rack-2.2.17/lib/rack/builder.rb:105:in `load_file'
/Users/dalm1-tt/Downloads/hermes-frontend-old/STORM/vendor/bundle/ruby/2.6.0/gems/rack-2.2.17/lib/rack/builder.rb:66:in `parse_file'
/Users/dalm1-tt/Downloads/hermes-frontend-old/STORM/vendor/bundle/ruby/2.6.0/gems/puma-5.6.9/lib/puma/configuration.rb:348:in `load_rackup'
/Users/dalm1-tt/Downloads/hermes-frontend-old/STORM/vendor/bundle/ruby/2.6.0/gems/puma-5.6.9/lib/puma/configuration.rb:270:in `app'
/Users/dalm1-tt/Downloads/hermes-frontend-old/STORM/vendor/bundle/ruby/2.6.0/gems/puma-5.6.9/lib/puma/runner.rb:150:in `load_and_bind'
/Users/dalm1-tt/Downloads/hermes-frontend-old/STORM/vendor/bundle/ruby/2.6.0/gems/puma-5.6.9/lib/puma/cluster.rb:357:in `run'
/Users/dalm1-tt/Downloads/hermes-frontend-old/STORM/vendor/bundle/ruby/2.6.0/gems/puma-5.6.9/lib/puma/launcher.rb:193:in `run'
/Users/dalm1-tt/Downloads/hermes-frontend-old/STORM/vendor/bundle/ruby/2.6.0/gems/puma-5.6.9/lib/puma/cli.rb:81:in `run'
/Users/dalm1-tt/Downloads/hermes-frontend-old/STORM/vendor/bundle/ruby/2.6.0/gems/puma-5.6.9/bin/puma:10:in `<top (required)>'
/Users/dalm1-tt/Downloads/hermes-frontend-old/STORM/vendor/bundle/ruby/2.6.0/bin/puma:23:in `load'
/Users/dalm1-tt/Downloads/hermes-frontend-old/STORM/vendor/bundle/ruby/2.6.0/bin/puma:23:in `<top (required)>'
/System/Library/Frameworks/Ruby.framework/Versions/2.6/usr/lib/ruby/2.6.0/bundler/cli/exec.rb:74:in `load'
/System/Library/Frameworks/Ruby.framework/Versions/2.6/usr/lib/ruby/2.6.0/bundler/cli/exec.rb:74:in `kernel_load'
/System/Library/Frameworks/Ruby.framework/Versions/2.6/usr/lib/ruby/2.6.0/bundler/cli/exec.rb:28:in `run'
/System/Library/Frameworks/Ruby.framework/Versions/2.6/usr/lib/ruby/2.6.0/bundler/cli.rb:463:in `exec'
/System/Library/Frameworks/Ruby.framework/Versions/2.6/usr/lib/ruby/2.6.0/bundler/vendor/thor/lib/thor/command.rb:27:in `run'
/System/Library/Frameworks/Ruby.framework/Versions/2.6/usr/lib/ruby/2.6.0/bundler/vendor/thor/lib/thor/invocation.rb:126:in `invoke_command'
/System/Library/Frameworks/Ruby.framework/Versions/2.6/usr/lib/ruby/2.6.0/bundler/vendor/thor/lib/thor.rb:387:in `dispatch'
/System/Library/Frameworks/Ruby.framework/Versions/2.6/usr/lib/ruby/2.6.0/bundler/cli.rb:27:in `dispatch'
/System/Library/Frameworks/Ruby.framework/Versions/2.6/usr/lib/ruby/2.6.0/bundler/vendor/thor/lib/thor/base.rb:466:in `start'
/System/Library/Frameworks/Ruby.framework/Versions/2.6/usr/lib/ruby/2.6.0/bundler/cli.rb:18:in `start'
/Library/Ruby/Gems/2.6.0/gems/bundler-1.17.2/exe/bundle:30:in `block in <top (required)>'
/System/Library/Frameworks/Ruby.framework/Versions/2.6/usr/lib/ruby/2.6.0/bundler/friendly_errors.rb:124:in `with_friendly_errors'
/Library/Ruby/Gems/2.6.0/gems/bundler-1.17.2/exe/bundle:22:in `<top (required)>'
/usr/bin/bundle:23:in `load'
/usr/bin/bundle:23:in `<main>'
