current directory: /Users/dalm1-tt/Downloads/hermes-frontend-old/STORM/vendor/bundle/ruby/2.6.0/gems/jemalloc-1.0.1/ext/jemalloc
/System/Library/Frameworks/Ruby.framework/Versions/2.6/usr/bin/ruby -I /System/Library/Frameworks/Ruby.framework/Versions/2.6/usr/lib/ruby/2.6.0 -r ./siteconf20250817-63460-1mhxbia.rb extconf.rb
$ tar vjxf jemalloc-3.4.0.tar.bz2
$ ./configure
*** extconf.rb failed ***
Could not create Makefile due to some reason, probably lack of necessary
libraries and/or headers.  Check the mkmf.log file for more details.  You may
need configuration options.

Provided configuration options:
	--with-opt-dir
	--without-opt-dir
	--with-opt-include
	--without-opt-include=${opt-dir}/include
	--with-opt-lib
	--without-opt-lib=${opt-dir}/lib
	--with-make-prog
	--without-make-prog
	--srcdir=.
	--curdir
	--ruby=/System/Library/Frameworks/Ruby.framework/Versions/2.6/usr/bin/$(RUBY_BASE_NAME)
extconf.rb:10:in `sys': system command `./configure' failed, please report to https://github.com/ibc/em-udns/issues (RuntimeError)
	from extconf.rb:26:in `block (2 levels) in <main>'
	from extconf.rb:24:in `chdir'
	from extconf.rb:24:in `block in <main>'
	from extconf.rb:18:in `chdir'
	from extconf.rb:18:in `<main>'

To see why this extension failed to compile, please check the mkmf.log which can be found here:

  /Users/dalm1-tt/Downloads/hermes-frontend-old/STORM/vendor/bundle/ruby/2.6.0/extensions/universal-darwin-24/2.6.0/jemalloc-1.0.1/mkmf.log

extconf failed, exit code 1
