current directory: /Users/dalm1-tt/Downloads/hermes-frontend-old/STORM/vendor/bundle/ruby/2.6.0/gems/escape_utils-1.3.0/ext/escape_utils
/System/Library/Frameworks/Ruby.framework/Versions/2.6/usr/bin/ruby -I /System/Library/Frameworks/Ruby.framework/Versions/2.6/usr/lib/ruby/2.6.0 -r ./siteconf20250817-63460-17lnhmk.rb extconf.rb
creating Makefile

current directory: /Users/dalm1-tt/Downloads/hermes-frontend-old/STORM/vendor/bundle/ruby/2.6.0/gems/escape_utils-1.3.0/ext/escape_utils
make "DESTDIR=" clean

current directory: /Users/dalm1-tt/Downloads/hermes-frontend-old/STORM/vendor/bundle/ruby/2.6.0/gems/escape_utils-1.3.0/ext/escape_utils
make "DESTDIR="
compiling buffer.c
compiling escape_utils.c
escape_utils.c:130:62: warning: '(' and '{' tokens introducing statement expression appear in different macro expansion contexts [-Wcompound-token-split-by-macro]
  130 |         rb_eEncodingCompatibilityError = rb_const_get(rb_cEncoding, rb_intern("CompatibilityError"));
      |                                                                     ^~~~~~~~~~~~~~~~~~~~~~~~~~~~~~~
/Library/Developer/CommandLineTools/SDKs/MacOSX.sdk/System/Library/Frameworks/Ruby.framework/Versions/2.6/usr/include/ruby-2.6.0/ruby/ruby.h:1826:23: note: expanded from macro 'rb_intern'
 1826 |         __extension__ (RUBY_CONST_ID_CACHE((ID), (str))) : \
      |                       ^
escape_utils.c:130:62: note: '{' token is here
  130 |         rb_eEncodingCompatibilityError = rb_const_get(rb_cEncoding, rb_intern("CompatibilityError"));
      |                                                                     ^~~~~~~~~~~~~~~~~~~~~~~~~~~~~~~
/Library/Developer/CommandLineTools/SDKs/MacOSX.sdk/System/Library/Frameworks/Ruby.framework/Versions/2.6/usr/include/ruby-2.6.0/ruby/ruby.h:1826:24: note: expanded from macro 'rb_intern'
 1826 |         __extension__ (RUBY_CONST_ID_CACHE((ID), (str))) : \
      |                        ^~~~~~~~~~~~~~~~~~~~~~~~~~~~~~~~
/Library/Developer/CommandLineTools/SDKs/MacOSX.sdk/System/Library/Frameworks/Ruby.framework/Versions/2.6/usr/include/ruby-2.6.0/ruby/ruby.h:1811:5: note: expanded from macro 'RUBY_CONST_ID_CACHE'
 1811 |     {                                                   \
      |     ^
escape_utils.c:130:62: warning: '}' and ')' tokens terminating statement expression appear in different macro expansion contexts [-Wcompound-token-split-by-macro]
  130 |         rb_eEncodingCompatibilityError = rb_const_get(rb_cEncoding, rb_intern("CompatibilityError"));
      |                                                                     ^~~~~~~~~~~~~~~~~~~~~~~~~~~~~~~
/Library/Developer/CommandLineTools/SDKs/MacOSX.sdk/System/Library/Frameworks/Ruby.framework/Versions/2.6/usr/include/ruby-2.6.0/ruby/ruby.h:1826:24: note: expanded from macro 'rb_intern'
 1826 |         __extension__ (RUBY_CONST_ID_CACHE((ID), (str))) : \
      |                        ^~~~~~~~~~~~~~~~~~~~~~~~~~~~~~~~
/Library/Developer/CommandLineTools/SDKs/MacOSX.sdk/System/Library/Frameworks/Ruby.framework/Versions/2.6/usr/include/ruby-2.6.0/ruby/ruby.h:1816:5: note: expanded from macro 'RUBY_CONST_ID_CACHE'
 1816 |     }
      |     ^
escape_utils.c:130:62: note: ')' token is here
  130 |         rb_eEncodingCompatibilityError = rb_const_get(rb_cEncoding, rb_intern("CompatibilityError"));
      |                                                                     ^~~~~~~~~~~~~~~~~~~~~~~~~~~~~~~
/Library/Developer/CommandLineTools/SDKs/MacOSX.sdk/System/Library/Frameworks/Ruby.framework/Versions/2.6/usr/include/ruby-2.6.0/ruby/ruby.h:1826:56: note: expanded from macro 'rb_intern'
 1826 |         __extension__ (RUBY_CONST_ID_CACHE((ID), (str))) : \
      |                                                        ^
2 warnings generated.
compiling houdini_href_e.c
compiling houdini_html_e.c
compiling houdini_js_e.c
compiling houdini_js_u.c
compiling houdini_uri_e.c
compiling houdini_uri_u.c
compiling houdini_xml_e.c
linking shared-object escape_utils/escape_utils.bundle
ld: warning: search path '/AppleInternal/Library/BuildRoots/d187755d-b9a3-11ef-83e5-aabfac210453/Applications/Xcode.app/Contents/Developer/Platforms/MacOSX.platform/Developer/SDKs/MacOSX15.3.Internal.sdk/usr/local/lib' not found

current directory: /Users/dalm1-tt/Downloads/hermes-frontend-old/STORM/vendor/bundle/ruby/2.6.0/gems/escape_utils-1.3.0/ext/escape_utils
make "DESTDIR=" install
/usr/bin/install -c -m 0755 escape_utils.bundle ./.gem.20250817-63460-xgsmfa/escape_utils
